
  + ~~~~~~~~~~~~~~~~~~~~~~~~~~~~~~~~~~~~~~~~~~~~~~~~~~~~~~~~~~~~~~~~~~~~~
      + CategoryInfo          : NotSpecified: ([90mstderr[2m...allback ba
┼şl    ar:String) [], RemoteException
>     + FullyQualifiedErrorId : NativeCommandError
   
  [22m[39m[vitest] The vi.fn() mock did not use 'function' or 'class' in 
its implementation, see https://vitest.dev/api/vi#vi-spyon for examples.
> [SQLite-OPFS] SQLite baslatilamadi, IDB fallback kullaniliyor: TypeError:
 () => failSQLite is not a constructor
      at new Mock [90m(file:///C:/Users/hrn21/OneDrive/Desktop/aegis-4.0/
[39mnode_modules/[4m@vitest/spy[24m/dist/index.js:262:27[90m)[39m
      at Function.initDb (C:/Users/hrn21/OneDrive/Desktop/aegis-4.0/src/lib
/vault/VaultBootstrapService.ts:83:20)
  [90m    at processTicksAndRejections (node:internal/process/task_queues:
105:5)[39m
      at VaultService.initDb (C:/Users/hrn21/OneDrive/Desktop/aegis-4.0/src
/vaultService.ts:178:20)
      at C:/Users/hrn21/OneDrive/Desktop/aegis-4.0/src/lib/__tests__/VaultS
ervice_Migration.test.ts:160:5
      at [90mfile:///C:/Users/hrn21/OneDrive/Desktop/aegis-4.0/[39mnode_m
odules/[4m@vitest/runner[24m/dist/index.js:915:20
  
>  [31mÔØ»[39m src/lib/__tests__/VaultService_Migration.test.ts [2m([22
m[2m2 tests[22m[2m | [22m[31m1 failed[39m[2m)[22m[32m 34[2mms[22
m[39m
       [32mÔ£ô[39m 1. IDB -> SQLite Migrasyonu: Verileri ta┼ş─▒r[32m 8[
2mms[22m[39m
  [31m     [31m├ù[31m 2. Migrasyon Hatas─▒: SQLite devre d─▒┼ş─▒ kal─▒r 
ve IDB fallback ba┼şlar[39m[32m 24[2mms[22m[39m
  [90mstdout[2m | src/vaultService.test.ts[2m > [22m[2mVaultService Se
curity & Cryptography[2m > [22m[2m1. Yeni Kasa Olu┼şturma: Benzersiz Din
amik Salt ├£retilmelidir
  [22m[39m[SQLCipher WASM] OPFS Volume Check for test_vault_2...
  
  
  [90mstderr[2m | src/vaultService.coverage.test.ts[2m > [22m[2mVaultS
ervice coverage helpers[2m > [22m[2mdecryptTextField returns null withou
t key and on decrypt failure
> [22m[39mDECRYPTION REAL ERROR: Error: decrypt-fail
      at C:/Users/hrn21/OneDrive/Desktop/aegis-4.0/src/vaultService.coverag
e.test.ts:397:69
      at [90mfile:///C:/Users/hrn21/OneDrive/Desktop/aegis-4.0/[39mnode_m
odules/[4m@vitest/runner[24m/dist/index.js:915:20
  
  [90mstdout[2m | src/vaultService.test.ts[2m > [22m[2mVaultService Se
curity & Cryptography[2m > [22m[2m1. Yeni Kasa Olu┼şturma: Benzersiz Din
amik Salt ├£retilmelidir
  [22m[39m[SQLite-OPFS] OPFS kullanilamiyor, IDB backend ile devam ediliy
or.
  [22m[39m[SQLite-OPFS] OPFS kullanilamiyor, IDB backend ile devam ediliy
or.
  
>  [31mÔØ»[39m src/vaultService.coverage.test.ts [2m([22m[2m26 tests[
22m[2m | [22m[31m10 failed[39m[2m)[22m[32m 148[2mms[22m[39m
  [31m     [31m├ù[31m tracks active vault db names and falls back to bal
anced encryption profile[39m[32m 22[2mms[22m[39m
  [31m     [31m├ù[31m calculates strength, normalizes search terms and t
okenizes prefixes[39m[32m 5[2mms[22m[39m
  [31m     [31m├ù[31m verifies password state and auth migration helpers
[39m[32m 1[2mms[22m[39m
  [31m     [31m├ù[31m builds search indexes through the hashing helper[
39m[32m 6[2mms[22m[39m
       [32mÔ£ô[39m encrypts and decrypts text fields with the active AES 
key[32m 53[2mms[22m[39m
  [22m[39m[VaultService] initDb SUCCESS: { hasKey: [33mtrue[39m }
  
>  [31mÔØ»[39m benchmarks/searchIndex.benchmark.test.ts [2m([22m[2m1 t
est[22m[2m | [22m[31m1 failed[39m[2m)[22m[33m 2723[2mms[22m[39m
  [31m     [31m├ù[31m indexes and queries medium dataset in acceptable t
ime[39m[33m 2719[2mms[22m[39m
   [32mÔ£ô[39m src/lib/__tests__/NativeBridgeHost.test.ts [2m([22m[2m1
1 tests[22m[2m)[22m[32m 288[2mms[22m[39m
   [32mÔ£ô[39m src/lib/__tests__/VaultAuthService.test.ts [2m([22m[2m1
1 tests[22m[2m)[22m[33m 428[2mms[22m[39m
  [90mstderr[2m | src/lib/__tests__/SharingTransportService.test.ts[2m >
 [22m[2mSharingTransportService[2m > [22m[2mencryptEntries / decryptEn
tries[2m > [22m[2mshould reject invalid payload JSON during decryption
> [22m[39m[SharingTransport] Decryption failed: SyntaxError: Unexpected t
oken 'o', "not valid json" is not valid JSON
      at JSON.parse (<anonymous>)
      at Function.decryptEntries (C:/Users/hrn21/OneDrive/Desktop/aegis-4.0
/src/lib/SharingTransportService.ts:293:53)
      at C:/Users/hrn21/OneDrive/Desktop/aegis-4.0/src/lib/__tests__/Sharin
gTransportService.test.ts:423:52
      at [90mfile:///C:/Users/hrn21/OneDrive/Desktop/aegis-4.0/[39mnode_m
odules/[4m@vitest/runner[24m/dist/index.js:915:20
  
       [33m[2mÔ£ô[22m[39m should encrypt data and produce a valid Aegis
 backup envelope [33m 534[2mms[22m[39m
       [33m[2mÔ£ô[22m[39m should decrypt a valid backup correctly with 
the right password [33m 930[2mms[22m[39m
>      [33m[2mÔ£ô[22m[39m should throw DECRYPTION_FAILED when decryptin
g with the wrong password [33m 954[2mms[22m[39m
       [33m[2mÔ£ô[22m[39m should encrypt and decrypt canonical backup p
ayloads [33m 824[2mms[22m[39m
       [33m[2mÔ£ô[22m[39m should reject canonical decrypt on legacy bac
kup envelopes [33m 423[2mms[22m[39m
       [33m[2mÔ£ô[22m[39m should reject tampered backup payload when HM
AC integrity fails [33m 967[2mms[22m[39m
       [33m[2mÔ£ô[22m[39m should reject backup created with unsupported
 major app version [33m 445[2mms[22m[39m
       [33m[2mÔ£ô[22m[39m should reject canonical backup with mismatche
d schema version in envelope [33m 397[2mms[22m[39m
   [32mÔ£ô[39m src/components/onboarding/__tests__/OnboardingWizard.test.
tsx [2m([22m[2m4 tests[22m[2m)[22m[33m 303[2mms[22m[39m
  [90mstderr[2m | src/lib/__tests__/VaultCryptoService.test.ts[2m > [22
m[2mVaultCryptoService[2m > [22m[2mencryptTextField / decryptTextField
[2m > [22m[2mreturns null when decrypting with wrong key
> [22m[39mDECRYPTION REAL ERROR: DOMException [OperationError]: The opera
tion failed for an operation-specific reason
  [90m    at AESCipherJob.onDone (node:internal/crypto/util:453:19)[39m {
>   [cause]: [Error: Cipher job failed]
  }
  
   [32mÔ£ô[39m src/lib/__tests__/VaultCryptoService.test.ts [2m([22m[2
m34 tests[22m[2m)[22m[32m 109[2mms[22m[39m
   [32mÔ£ô[39m src/lib/__tests__/BackupService.branch.test.ts [2m([22m
[2m10 tests[22m[2m)[22m[33m 6906[2mms[22m[39m
         [33m[2mÔ£ô[22m[39m rejects invalid version format [33m 658[2
mms[22m[39m
  
   [32mÔ£ô[39m src/lib/__tests__/VaultService_Cleanup_Attachments.test.ts
 [2m([22m[2m4 tests[22m[2m)[22m[32m 46[2mms[22m[39m
> [90mstderr[2m | src/lib/__tests__/ExtensionBridge.branch.test.ts[2m > 
[22m[2mExtensionBridge: Branch Coverage[2m > [22m[2mhandles runtime.co
nnect throwing error
> [22m[39m[PWA Bridge] Eklenti ile runtime (externally_connectable) bagla
ntisi kurulamad´┐¢. Error: connect failed
      at Object.<anonymous> (C:/Users/hrn21/OneDrive/Desktop/aegis-4.0/src/
lib/__tests__/ExtensionBridge.branch.test.ts:100:58)
      at Object.Mock [as connect] [90m(file:///C:/Users/hrn21/OneDrive/Des
ktop/aegis-4.0/[39mnode_modules/[4m@vitest/spy[24m/dist/index.js:285:34
[90m)[39m
      at messageListener (C:/Users/hrn21/OneDrive/Desktop/aegis-4.0/src/lib
/ExtensionBridge.ts:314:28)
      at callTheUserObjectsOperation [90m(C:\Users\hrn21\OneDrive\Desktop\
aegis-4.0\[39mnode_modules\[4mjsdom[24m\lib\generated\idl\EventListener.
js:26:30[90m)[39m
      at innerInvokeEventListeners [90m(C:\Users\hrn21\OneDrive\Desktop\ae
gis-4.0\[39mnode_modules\[4mjsdom[24m\lib\jsdom\living\events\EventTarge
t-impl.js:360:16[90m)[39m
   [32mÔ£ô[39m src/lib/__tests__/VaultService_SQLite_Integration.test.ts 
[2m([22m[2m5 tests[22m[2m)[22m[32m 51[2mms[22m[39m
   [32mÔ£ô[39m src/lib/__tests__/VaultPinService.test.ts [2m([22m[2m10
 tests[22m[2m)[22m[32m 41[2mms[22m[39m
> [90mstderr[2m | src/lib/__tests__/SyncManager.test.ts[2m > [22m[2mSy
ncManager Integration Logic[2m > [22m[2m3. pullAndMerge: catches network
 errors
> [22m[39m[SyncManager] Pull failed: Error: Network error
      at C:/Users/hrn21/OneDrive/Desktop/aegis-4.0/src/lib/__tests__/SyncMa
nager.test.ts:76:38
      at [90mfile:///C:/Users/hrn21/OneDrive/Desktop/aegis-4.0/[39mnode_m
odules/[4m@vitest/runner[24m/dist/index.js:145:11
      at [90mfile:///C:/Users/hrn21/OneDrive/Desktop/aegis-4.0/[39mnode_m
odules/[4m@vitest/runner[24m/dist/index.js:915:26
      at [90mfile:///C:/Users/hrn21/OneDrive/Desktop/aegis-4.0/[39mnode_m
odules/[4m@vitest/runner[24m/dist/index.js:1243:20
      at new Promise (<anonymous>)
  
  [90mstderr[2m | src/lib/__tests__/SyncManager.test.ts[2m > [22m[2mSy
ncManager Integration Logic[2m > [22m[2m4. rejects non-HTTPS relay URL f
rom env
> [22m[39m[SyncManager] Push failed: Error: [SyncManager] Relay URL must 
use HTTPS.
      at Function.getRelayUrl (C:/Users/hrn21/OneDrive/Desktop/aegis-4.0/sr
c/lib/SyncManager.ts:40:13)
      at Function.push (C:/Users/hrn21/OneDrive/Desktop/aegis-4.0/src/lib/S
yncManager.ts:80:44)
      at C:/Users/hrn21/OneDrive/Desktop/aegis-4.0/src/lib/__tests__/SyncMa
nager.test.ts:83:20
      at [90mfile:///C:/Users/hrn21/OneDrive/Desktop/aegis-4.0/[39mnode_m
odules/[4m@vitest/runner[24m/dist/index.js:915:20
  
   [32mÔ£ô[39m src/lib/__tests__/SyncManager.test.ts [2m([22m[2m6 test
s[22m[2m)[22m[32m 45[2mms[22m[39m
   [32mÔ£ô[39m src/lib/__tests__/TOTPService.test.ts [2m([22m[2m27 tes
ts[22m[2m)[22m[32m 32[2mms[22m[39m
> [90mstderr[2m | src/lib/__tests__/webAuthn_utils.test.ts[2m > [22m[2
mWebAuthn Utils & PRF Flow[2m > [22m[2m5. error handling: PRF login fail
s
> [22m[39mPasskey PRF authentication failed: Error: User cancelled
      at C:/Users/hrn21/OneDrive/Desktop/aegis-4.0/src/lib/__tests__/webAut
hn_utils.test.ts:80:58
      at [90mfile:///C:/Users/hrn21/OneDrive/Desktop/aegis-4.0/[39mnode_m
odules/[4m@vitest/runner[24m/dist/index.js:145:11
      at [90mfile:///C:/Users/hrn21/OneDrive/Desktop/aegis-4.0/[39mnode_m
odules/[4m@vitest/runner[24m/dist/index.js:915:26
      at [90mfile:///C:/Users/hrn21/OneDrive/Desktop/aegis-4.0/[39mnode_m
odules/[4m@vitest/runner[24m/dist/index.js:1243:20
      at new Promise (<anonymous>)
   [32mÔ£ô[39m src/lib/__tests__/VaultServiceSQLitePaths.test.ts [2m([2
2m[2m6 tests[22m[2m)[22m[32m 29[2mms[22m[39m
   [32mÔ£ô[39m src/lib/__tests__/PairingAbuse_V2.test.ts [2m([22m[2m3 
tests[22m[2m)[22m[32m 30[2mms[22m[39m
> [90mstderr[2m | src/lib/__tests__/HIBPService.test.ts[2m > [22m[2mHI
BPService[2m > [22m[2mreturns unknown (null) on API error status
  [22m[39mHIBP API returned status: 503
  
  [90mstderr[2m | src/lib/__tests__/HIBPService.test.ts[2m > [22m[2mHI
BPService[2m > [22m[2mreturns unknown (null) on network failure
> [22m[39mError checking HIBP API: Error: network down
      at C:/Users/hrn21/OneDrive/Desktop/aegis-4.0/src/lib/__tests__/HIBPSe
rvice.test.ts:32:53
      at [90mfile:///C:/Users/hrn21/OneDrive/Desktop/aegis-4.0/[39mnode_m
odules/[4m@vitest/runner[24m/dist/index.js:145:11
      at [90mfile:///C:/Users/hrn21/OneDrive/Desktop/aegis-4.0/[39mnode_m
odules/[4m@vitest/runner[24m/dist/index.js:915:26
      at [90mfile:///C:/Users/hrn21/OneDrive/Desktop/aegis-4.0/[39mnode_m
odules/[4m@vitest/runner[24m/dist/index.js:1243:20
      at new Promise (<anonymous>)
   [32mÔ£ô[39m src/lib/__tests__/ImportVendorFixtures.test.ts [2m([22m
[2m6 tests[22m[2m)[22m[32m 18[2mms[22m[39m
  [90mstderr[2m | src/lib/__tests__/SyncManager.branch.test.ts[2m > [22
m[2mSyncManager: Branch Coverage[2m > [22m[2mpush: fetch exception retu
rns false
> [22m[39m[SyncManager] Push failed: Error: Network error
      at C:/Users/hrn21/OneDrive/Desktop/aegis-4.0/src/lib/__tests__/SyncMa
nager.branch.test.ts:78:49
      at [90mfile:///C:/Users/hrn21/OneDrive/Desktop/aegis-4.0/[39mnode_m
odules/[4m@vitest/runner[24m/dist/index.js:145:11
      at [90mfile:///C:/Users/hrn21/OneDrive/Desktop/aegis-4.0/[39mnode_m
odules/[4m@vitest/runner[24m/dist/index.js:915:26
      at [90mfile:///C:/Users/hrn21/OneDrive/Desktop/aegis-4.0/[39mnode_m
odules/[4m@vitest/runner[24m/dist/index.js:1243:20
      at new Promise (<anonymous>)
  
  [90mstderr[2m | src/lib/__tests__/SyncManager.branch.test.ts[2m > [22
m[2mSyncManager: Branch Coverage[2m > [22m[2mpullAndMerge: fetch except
ion returns null
> [22m[39m[SyncManager] Pull failed: Error: fail
      at C:/Users/hrn21/OneDrive/Desktop/aegis-4.0/src/lib/__tests__/SyncMa
nager.branch.test.ts:113:49
      at [90mfile:///C:/Users/hrn21/OneDrive/Desktop/aegis-4.0/[39mnode_m
odules/[4m@vitest/runner[24m/dist/index.js:145:11
      at [90mfile:///C:/Users/hrn21/OneDrive/Desktop/aegis-4.0/[39mnode_m
odules/[4m@vitest/runner[24m/dist/index.js:915:26
      at [90mfile:///C:/Users/hrn21/OneDrive/Desktop/aegis-4.0/[39mnode_m
odules/[4m@vitest/runner[24m/dist/index.js:1243:20
      at new Promise (<anonymous>)
  
  [90mstderr[2m | src/lib/__tests__/WebAuthnService_Logic.test.ts[2m > 
[22m[2mWebAuthnService: Site Passkey Registration & Auth[2m > [22m[2m6.
 Hata Durumlar─▒ (Catch blocks)
> [22m[39m[WebAuthnService] Site passkey registration failed: Error: Abor
t
      at C:/Users/hrn21/OneDrive/Desktop/aegis-4.0/src/lib/__tests__/WebAut
hnService_Logic.test.ts:114:61
      at [90mfile:///C:/Users/hrn21/OneDrive/Desktop/aegis-4.0/[39mnode_m
odules/[4m@vitest/runner[24m/dist/index.js:145:11
      at [90mfile:///C:/Users/hrn21/OneDrive/Desktop/aegis-4.0/[39mnode_m
odules/[4m@vitest/runner[24m/dist/index.js:915:26
      at [90mfile:///C:/Users/hrn21/OneDrive/Desktop/aegis-4.0/[39mnode_m
odules/[4m@vitest/runner[24m/dist/index.js:1243:20
      at new Promise (<anonymous>)
  
  [90mstderr[2m | src/lib/__tests__/WebAuthnService_Logic.test.ts[2m > 
[22m[2mWebAuthnService: Site Passkey Registration & Auth[2m > [22m[2m6.
 Hata Durumlar─▒ (Catch blocks)
> [22m[39m[WebAuthnService] Site passkey authentication failed: Error: Ab
ort
      at C:/Users/hrn21/OneDrive/Desktop/aegis-4.0/src/lib/__tests__/WebAut
hnService_Logic.test.ts:118:58
  [90m    at processTicksAndRejections (node:internal/process/task_queues:
105:5)[39m
      at [90mfile:///C:/Users/hrn21/OneDrive/Desktop/aegis-4.0/[39mnode_m
odules/[4m@vitest/runner[24m/dist/index.js:915:20
  
   [32mÔ£ô[39m src/lib/__tests__/SyncManager.branch.test.ts [2m([22m[2
m13 tests[22m[2m)[22m[32m 25[2mms[22m[39m
  
  [90mstderr[2m | src/lib/__tests__/WebAuthnService.test.ts[2m > [22m[
2mWebAuthnService[2m > [22m[2mregisterSitePasskey[2m > [22m[2mreturns
 null if navigator.credentials.create fails
> [22m[39m[WebAuthnService] Site passkey registration failed: Error: User
 cancelled
      at C:/Users/hrn21/OneDrive/Desktop/aegis-4.0/src/lib/__tests__/WebAut
hnService.test.ts:61:58
      at [90mfile:///C:/Users/hrn21/OneDrive/Desktop/aegis-4.0/[39mnode_m
odules/[4m@vitest/runner[24m/dist/index.js:145:11
      at [90mfile:///C:/Users/hrn21/OneDrive/Desktop/aegis-4.0/[39mnode_m
odules/[4m@vitest/runner[24m/dist/index.js:915:26
      at [90mfile:///C:/Users/hrn21/OneDrive/Desktop/aegis-4.0/[39mnode_m
odules/[4m@vitest/runner[24m/dist/index.js:1243:20
      at new Promise (<anonymous>)
   [32mÔ£ô[39m src/lib/__tests__/VaultSharingLinkService.test.ts [2m([2
2m[2m4 tests[22m[2m)[22m[32m 15[2mms[22m[39m
   [32mÔ£ô[39m src/lib/__tests__/SharingOverviewService.test.ts [2m([22
m[2m4 tests[22m[2m)[22m[32m 17[2mms[22m[39m
>  [32mÔ£ô[39m src/lib/__tests__/AegisError.test.ts [2m([22m[2m19 test
s[22m[2m)[22m[32m 13[2mms[22m[39m
   [32mÔ£ô[39m src/lib/__tests__/SharedSpaceService.test.ts [2m([22m[2
m4 tests[22m[2m)[22m[32m 18[2mms[22m[39m
   [32mÔ£ô[39m src/lib/__tests__/crypto-types.test.ts [2m([22m[2m7 tes
ts[22m[2m)[22m[32m 14[2mms[22m[39m
   [32mÔ£ô[39m src/lib/__tests__/utils_cn.test.ts [2m([22m[2m3 tests[
22m[2m)[22m[32m 19[2mms[22m[39m
   [32mÔ£ô[39m src/lib/__tests__/ExtensionSecurity.test.ts [2m([22m[2m
22 tests[22m[2m)[22m[32m 13[2mms[22m[39m
   [32mÔ£ô[39m src/lib/__tests__/SecurityModePolicy.test.ts [2m([22m[2
m8 tests[22m[2m)[22m[32m 14[2mms[22m[39m
  [22m[39m[VaultService] initDb SUCCESS: { hasKey: [33mtrue[39m }
  
>  [31mÔØ»[39m src/vaultService.test.ts [2m([22m[2m21 tests[22m[2m |
 [22m[31m17 failed[39m[2m)[22m[33m 33903[2mms[22m[39m
       [33m[2mÔ£ô[22m[39m 1. Yeni Kasa Olu┼şturma: Benzersiz Dinamik Sa
lt ├£retilmelidir [33m 2569[2mms[22m[39m
       [33m[2mÔ£ô[22m[39m 2. Mevcut Kasa A├ğma: Eski Salt ve ┼Şifre Mod
elleri ile Uyumluluk (Legacy Fallback) [33m 2352[2mms[22m[39m
  [31m     [31m├ù[31m 3. Parola De─şi┼ştirme: Yeni Salt, Anahtar ├£retim
i ve De-┼şifreleme (Re-encryption)[39m[33m 2693[2mms[22m[39m
  [31m     [31m├ù[31m 4. Metadata Encryption + Attachment Metadata: At-r
est plaintext sizintisi olmamali[39m[33m 2330[2mms[22m[39m
  [31m     [31m├ù[31m 5. Private Search Index: legacy plaintext metadata
 kayitlari lazy migrate edilmeli[39m[33m 2353[2mms[22m[39m
  [31m     [31m├ù[31m 20. Passkey Metadata De┼şifreleme Do─şrulamas─▒[3
9m[33m 965[2mms[22m[39m
  
> [31mÔÄ»ÔÄ»ÔÄ»ÔÄ»ÔÄ»ÔÄ»[39m[1m[41m Failed Tests 29 [49m[22m[31mÔÄ»Ô
Ä»ÔÄ»ÔÄ»ÔÄ»ÔÄ»ÔÄ»[39m
  
> [41m[1m FAIL [22m[49m benchmarks/searchIndex.benchmark.test.ts[2m > 
[22mPrivate Search Index Benchmark[2m > [22mindexes and queries medium d
ataset in acceptable time
> [31m[1mTypeError[22m: __vite_ssr_import_9__.VaultEntryService.normaliz
eCardDetails is not a function[39m
  [36m [2mÔØ»[22m normalizeCardDetails src/vaultService.ts:[2m266:62[2
2m[39m
      [90m264| [39m        buildMetadataAtRest: (title, username, website
, category, tagsÔÇĞ
      [90m265| [39m          this.buildMetadataAtRest(title, username, we
bsite, category,ÔÇĞ
      [90m266| [39m        normalizeCardDetails: (details) => VaultEntryS
ervice.normalizeÔÇĞ
      [90m   | [39m                                                      
       [31m^[39m
  [31m[2mÔÄ»ÔÄ»ÔÄ»ÔÄ»ÔÄ»ÔÄ»ÔÄ»ÔÄ»ÔÄ»ÔÄ»ÔÄ»ÔÄ»ÔÄ»ÔÄ»ÔÄ»ÔÄ»ÔÄ»ÔÄ»ÔÄ»ÔÄ»ÔÄ»Ô
Ä»ÔÄ»[1/29]ÔÄ»[22m[39m
  
> [41m[1m FAIL [22m[49m src/vaultService.coverage.test.ts[2m > [22mVa
ultService coverage helpers[2m > [22mtracks active vault db names and fal
ls back to balanced encryption profile
> [31m[1mAssertionError[22m: expected 'aegis_opfs_vault' to be 'custom-d
b' // Object.is equality[39m
  
  Expected: [32m"custom-db"[39m
  Received: [31m"aegis_opfs_vault"[39m
  
  [36m [2mÔØ»[22m src/vaultService.coverage.test.ts:[2m20:38[22m[39m
  [31m[2mÔÄ»ÔÄ»ÔÄ»ÔÄ»ÔÄ»ÔÄ»ÔÄ»ÔÄ»ÔÄ»ÔÄ»ÔÄ»ÔÄ»ÔÄ»ÔÄ»ÔÄ»ÔÄ»ÔÄ»ÔÄ»ÔÄ»ÔÄ»ÔÄ»Ô
Ä»ÔÄ»[2/29]ÔÄ»[22m[39m
  
> [41m[1m FAIL [22m[49m src/vaultService.coverage.test.ts[2m > [22mVa
ultService coverage helpers[2m > [22mcalculates strength, normalizes sear
ch terms and tokenizes prefixes
> [31m[1mTypeError[22m: __vite_ssr_import_4__.VaultSearchIndexer.normali
zeSearchValue is not a function[39m
  [36m [2mÔØ»[22m VaultService.normalizeSearchValue src/vaultService.ts:
[2m78:31[22m[39m
      [90m 76| [39m
      [90m 77| [39m  [35mpublic[39m [34mnormalizeSearchValue[39m(valu
e[33m:[39m string)[33m:[39m string {
      [90m 78| [39m    [35mreturn[39m [33mVaultSearchIndexer[39m[33m
.[39m[34mnormalizeSearchValue[39m(value)[33m;[39m
      [90m   | [39m                              [31m^[39m
  [31m[2mÔÄ»ÔÄ»ÔÄ»ÔÄ»ÔÄ»ÔÄ»ÔÄ»ÔÄ»ÔÄ»ÔÄ»ÔÄ»ÔÄ»ÔÄ»ÔÄ»ÔÄ»ÔÄ»ÔÄ»ÔÄ»ÔÄ»ÔÄ»ÔÄ»Ô
Ä»ÔÄ»[3/29]ÔÄ»[22m[39m
  
> [41m[1m FAIL [22m[49m src/vaultService.coverage.test.ts[2m > [22mVa
ultService coverage helpers[2m > [22mverifies password state and auth mig
ration helpers
> [31m[1mTypeError[22m: __vite_ssr_import_3__.VaultStorageService.getAut
hCredential is not a function[39m
  [36m [2mÔØ»[22m VaultService.verifyCurrentPassword src/vaultService.ts
:[2m72:46[22m[39m
      [90m 70| [39m
      [90m 71| [39m  public async verifyCurrentPassword(password: string)
: Promise<booleaÔÇĞ
      [90m 72| [39m    const stored = await VaultStorageService.getAuthCr
edential(this.opÔÇĞ
      [90m   | [39m                                             [31m^[3
9m
  [31m[2mÔÄ»ÔÄ»ÔÄ»ÔÄ»ÔÄ»ÔÄ»ÔÄ»ÔÄ»ÔÄ»ÔÄ»ÔÄ»ÔÄ»ÔÄ»ÔÄ»ÔÄ»ÔÄ»ÔÄ»ÔÄ»ÔÄ»ÔÄ»ÔÄ»Ô
Ä»ÔÄ»[4/29]ÔÄ»[22m[39m
  
> [41m[1m FAIL [22m[49m src/vaultService.coverage.test.ts[2m > [22mVa
ultService coverage helpers[2m > [22mbuilds search indexes through the ha
shing helper
> [31m[1mAssertionError[22m: expected false to be true // Object.is equa
lity[39m
  
  [32m- Expected[39m
  [31m+ Received[39m
  
  [32m- true[39m
      [90m102| [39m    ).buildSearchIndex('Aegis Vault', 'alice', 'https:
//example.com', ÔÇĞ
      [90m103| [39m
>     [90m104| [39m    expect(hashes.some((value) => value.startsWith('h:
ae'))).toBe(trueÔÇĞ
      [90m   | [39m                                                      
       [31m^[39m
      [90m105| [39m    [34mexpect[39m(hashes[33m.[39m[34msome[39m((
value) [33m=>[39m value [33m===[39m [32m'h:alice'[39m))[33m.[39m[3
4mtoBe[39m([35mtrue[39m)[33m;[39m
      [90m106| [39m  })[33m;[39m
  
  [31m[2mÔÄ»ÔÄ»ÔÄ»ÔÄ»ÔÄ»ÔÄ»ÔÄ»ÔÄ»ÔÄ»ÔÄ»ÔÄ»ÔÄ»ÔÄ»ÔÄ»ÔÄ»ÔÄ»ÔÄ»ÔÄ»ÔÄ»ÔÄ»ÔÄ»Ô
Ä»ÔÄ»[5/29]ÔÄ»[22m[39m
  
> [41m[1m FAIL [22m[49m src/vaultService.coverage.test.ts[2m > [22mVa
ultService coverage helpers[2m > [22mbuilds encrypted metadata at rest an
d restores UI metadata when needed
> [31m[1mAssertionError[22m: expected 'Bank' to be '' // Object.is equal
ity[39m
  
  [32m- Expected[39m
  [31m+ Received[39m
  
  [31m+ Bank[39m
  [31m[2mÔÄ»ÔÄ»ÔÄ»ÔÄ»ÔÄ»ÔÄ»ÔÄ»ÔÄ»ÔÄ»ÔÄ»ÔÄ»ÔÄ»ÔÄ»ÔÄ»ÔÄ»ÔÄ»ÔÄ»ÔÄ»ÔÄ»ÔÄ»ÔÄ»Ô
Ä»ÔÄ»[6/29]ÔÄ»[22m[39m
  
> [41m[1m FAIL [22m[49m src/vaultService.coverage.test.ts[2m > [22mVa
ultService coverage helpers[2m > [22mapplies exponential auth backoff and
 lockout windows
> [31m[1mTypeError[22m: __vite_ssr_import_7__.VaultAuthService.registerA
uthFailure is not a function[39m
  [36m [2mÔØ»[22m VaultService.registerAuthFailure src/vaultService.ts:
[2m141:22[22m[39m
      [90m139| [39m
      [90m140| [39m  public registerAuthFailure(scope: 'unlock' | 'reauth
', dbName: strinÔÇĞ
      [90m141| [39m    [33mVaultAuthService[39m[33m.[39m[34mregister
AuthFailure[39m(scope[33m,[39m dbName)[33m;[39m
      [90m   | [39m                     [31m^[39m
  [31m[2mÔÄ»ÔÄ»ÔÄ»ÔÄ»ÔÄ»ÔÄ»ÔÄ»ÔÄ»ÔÄ»ÔÄ»ÔÄ»ÔÄ»ÔÄ»ÔÄ»ÔÄ»ÔÄ»ÔÄ»ÔÄ»ÔÄ»ÔÄ»ÔÄ»Ô
Ä»ÔÄ»[7/29]ÔÄ»[22m[39m
  
> [41m[1m FAIL [22m[49m src/vaultService.coverage.test.ts[2m > [22mVa
ultService coverage helpers[2m > [22mverifies current password using sqli
te metadata and falls back correctly
> [31m[1mError[22m: The property "verifyPassword" is not defined on the 
object.[39m
  [36m [2mÔØ»[22m src/vaultService.coverage.test.ts:[2m315:26[22m[39m
      [90m313| [39m    (service as unknown as { opfsMockDb: unknown }).op
fsMockDb = mockDÔÇĞ
      [90m314| [39m
      [90m315| [39m    const verifySpy = vi.spyOn(service as never, 'veri
fyPassword' as nÔÇĞ
      [90m   | [39m                         [31m^[39m
>     [90m316| [39m    await expect(service.verifyCurrentPassword('pw')).
resolves.toBe(trÔÇĞ
      [90m317| [39m
  
  [31m[2mÔÄ»ÔÄ»ÔÄ»ÔÄ»ÔÄ»ÔÄ»ÔÄ»ÔÄ»ÔÄ»ÔÄ»ÔÄ»ÔÄ»ÔÄ»ÔÄ»ÔÄ»ÔÄ»ÔÄ»ÔÄ»ÔÄ»ÔÄ»ÔÄ»Ô
Ä»ÔÄ»[8/29]ÔÄ»[22m[39m
  
> [41m[1m FAIL [22m[49m src/vaultService.coverage.test.ts[2m > [22mVa
ultService coverage helpers[2m > [22mrate limits repeated re-auth failure
s
> [31m[1mError[22m: The property "verifyPassword" is not defined on the 
object.[39m
  [36m [2mÔØ»[22m src/vaultService.coverage.test.ts:[2m340:26[22m[39m
      [90m338| [39m    (service as unknown as { opfsMockDb: unknown }).op
fsMockDb = mockDÔÇĞ
      [90m339| [39m
      [90m340| [39m    const verifySpy = vi.spyOn(service as never, 'veri
fyPassword' as nÔÇĞ
      [90m   | [39m                         [31m^[39m
  [31m[2mÔÄ»ÔÄ»ÔÄ»ÔÄ»ÔÄ»ÔÄ»ÔÄ»ÔÄ»ÔÄ»ÔÄ»ÔÄ»ÔÄ»ÔÄ»ÔÄ»ÔÄ»ÔÄ»ÔÄ»ÔÄ»ÔÄ»ÔÄ»ÔÄ»Ô
Ä»ÔÄ»[9/29]ÔÄ»[22m[39m
  
> [41m[1m FAIL [22m[49m src/vaultService.coverage.test.ts[2m > [22mVa
ultService coverage helpers[2m > [22mreports unlocked state and exports v
ault from sqlite backend
> [31m[1mAssertionError[22m: expected false to be true // Object.is equa
lity[39m
  
  [32m- Expected[39m
  [31m+ Received[39m
  
  [32m- true[39m
  [31m[2mÔÄ»ÔÄ»ÔÄ»ÔÄ»ÔÄ»ÔÄ»ÔÄ»ÔÄ»ÔÄ»ÔÄ»ÔÄ»ÔÄ»ÔÄ»ÔÄ»ÔÄ»ÔÄ»ÔÄ»ÔÄ»ÔÄ»ÔÄ»ÔÄ»Ô
Ä»[10/29]ÔÄ»[22m[39m
  
> [41m[1m FAIL [22m[49m src/vaultService.coverage.test.ts[2m > [22mVa
ultService coverage helpers[2m > [22mskips attachment metadata encryption
 when profile does not require it
> [31m[1mAssertionError[22m: expected [] to deeply equal [ { id: 'a', na
me: 'n', ÔÇĞ(2) } ][39m
  
  [32m- Expected[39m
  [31m+ Received[39m
  
  [32m- [[39m
  [31m[2mÔÄ»ÔÄ»ÔÄ»ÔÄ»ÔÄ»ÔÄ»ÔÄ»ÔÄ»ÔÄ»ÔÄ»ÔÄ»ÔÄ»ÔÄ»ÔÄ»ÔÄ»ÔÄ»ÔÄ»ÔÄ»ÔÄ»ÔÄ»ÔÄ»Ô
Ä»[11/29]ÔÄ»[22m[39m
  
> [41m[1m FAIL [22m[49m src/vaultService.test.ts[2m > [22mVaultServic
e Security & Cryptography[2m > [22m3. Parola De─şi┼ştirme: Yeni Salt, Ana
htar ├£retimi ve De-┼şifreleme (Re-encryption)
> [31m[1mTypeError[22m: __vite_ssr_import_9__.VaultEntryService.normaliz
eCardDetails is not a function[39m
  [36m [2mÔØ»[22m normalizeCardDetails src/vaultService.ts:[2m266:62[2
2m[39m
      [90m264| [39m        buildMetadataAtRest: (title, username, website
, category, tagsÔÇĞ
      [90m265| [39m          this.buildMetadataAtRest(title, username, we
bsite, category,ÔÇĞ
      [90m266| [39m        normalizeCardDetails: (details) => VaultEntryS
ervice.normalizeÔÇĞ
      [90m   | [39m                                                      
       [31m^[39m
  [31m[2mÔÄ»ÔÄ»ÔÄ»ÔÄ»ÔÄ»ÔÄ»ÔÄ»ÔÄ»ÔÄ»ÔÄ»ÔÄ»ÔÄ»ÔÄ»ÔÄ»ÔÄ»ÔÄ»ÔÄ»ÔÄ»ÔÄ»ÔÄ»ÔÄ»Ô
Ä»[12/29]ÔÄ»[22m[39m
  
> [41m[1m FAIL [22m[49m src/vaultService.test.ts[2m > [22mVaultServic
e Security & Cryptography[2m > [22m4. Metadata Encryption + Attachment Me
tadata: At-rest plaintext sizintisi olmamali
> [31m[1mTypeError[22m: __vite_ssr_import_9__.VaultEntryService.normaliz
eCardDetails is not a function[39m
  [36m [2mÔØ»[22m normalizeCardDetails src/vaultService.ts:[2m266:62[2
2m[39m
      [90m264| [39m        buildMetadataAtRest: (title, username, website
, category, tagsÔÇĞ
      [90m265| [39m          this.buildMetadataAtRest(title, username, we
bsite, category,ÔÇĞ
      [90m266| [39m        normalizeCardDetails: (details) => VaultEntryS
ervice.normalizeÔÇĞ
      [90m   | [39m                                                      
       [31m^[39m
  [31m[2mÔÄ»ÔÄ»ÔÄ»ÔÄ»ÔÄ»ÔÄ»ÔÄ»ÔÄ»ÔÄ»ÔÄ»ÔÄ»ÔÄ»ÔÄ»ÔÄ»ÔÄ»ÔÄ»ÔÄ»ÔÄ»ÔÄ»ÔÄ»ÔÄ»Ô
Ä»[13/29]ÔÄ»[22m[39m
  
> [41m[1m FAIL [22m[49m src/vaultService.test.ts[2m > [22mVaultServic
e Security & Cryptography[2m > [22m5. Private Search Index: legacy plaint
ext metadata kayitlari lazy migrate edilmeli
> [31m[1mTypeError[22m: __vite_ssr_import_9__.VaultEntryService.normaliz
eCardDetails is not a function[39m
  [36m [2mÔØ»[22m normalizeCardDetails src/vaultService.ts:[2m266:62[2
2m[39m
      [90m264| [39m        buildMetadataAtRest: (title, username, website
, category, tagsÔÇĞ
      [90m265| [39m          this.buildMetadataAtRest(title, username, we
bsite, category,ÔÇĞ
      [90m266| [39m        normalizeCardDetails: (details) => VaultEntryS
ervice.normalizeÔÇĞ
      [90m   | [39m                                                      
       [31m^[39m
  [31m[2mÔÄ»ÔÄ»ÔÄ»ÔÄ»ÔÄ»ÔÄ»ÔÄ»ÔÄ»ÔÄ»ÔÄ»ÔÄ»ÔÄ»ÔÄ»ÔÄ»ÔÄ»ÔÄ»ÔÄ»ÔÄ»ÔÄ»ÔÄ»ÔÄ»Ô
Ä»[14/29]ÔÄ»[22m[39m
  
> [41m[1m FAIL [22m[49m src/vaultService.test.ts[2m > [22mVaultServic
e Security & Cryptography[2m > [22m6. Card ve Identity ozel tip detaylari
 sifreli olarak saklanip UI icin desifre edilmelidir
> [31m[1mTypeError[22m: __vite_ssr_import_9__.VaultEntryService.normaliz
eCardDetails is not a function[39m
  [36m [2mÔØ»[22m normalizeCardDetails src/vaultService.ts:[2m266:62[2
2m[39m
      [90m264| [39m        buildMetadataAtRest: (title, username, website
, category, tagsÔÇĞ
      [90m265| [39m          this.buildMetadataAtRest(title, username, we
bsite, category,ÔÇĞ
      [90m266| [39m        normalizeCardDetails: (details) => VaultEntryS
ervice.normalizeÔÇĞ
      [90m   | [39m                                                      
       [31m^[39m
  [31m[2mÔÄ»ÔÄ»ÔÄ»ÔÄ»ÔÄ»ÔÄ»ÔÄ»ÔÄ»ÔÄ»ÔÄ»ÔÄ»ÔÄ»ÔÄ»ÔÄ»ÔÄ»ÔÄ»ÔÄ»ÔÄ»ÔÄ»ÔÄ»ÔÄ»Ô
Ä»[15/29]ÔÄ»[22m[39m
  
> [41m[1m FAIL [22m[49m src/vaultService.test.ts[2m > [22mVaultServic
e Security & Cryptography[2m > [22m7. Kasa Aktarma: Tum verilerin JSON ol
arak export edilmesi
> [31m[1mTypeError[22m: __vite_ssr_import_9__.VaultEntryService.normaliz
eCardDetails is not a function[39m
  [36m [2mÔØ»[22m normalizeCardDetails src/vaultService.ts:[2m266:62[2
2m[39m
      [90m264| [39m        buildMetadataAtRest: (title, username, website
, category, tagsÔÇĞ
      [90m265| [39m          this.buildMetadataAtRest(title, username, we
bsite, category,ÔÇĞ
      [90m266| [39m        normalizeCardDetails: (details) => VaultEntryS
ervice.normalizeÔÇĞ
      [90m   | [39m                                                      
       [31m^[39m
  [31m[2mÔÄ»ÔÄ»ÔÄ»ÔÄ»ÔÄ»ÔÄ»ÔÄ»ÔÄ»ÔÄ»ÔÄ»ÔÄ»ÔÄ»ÔÄ»ÔÄ»ÔÄ»ÔÄ»ÔÄ»ÔÄ»ÔÄ»ÔÄ»ÔÄ»Ô
Ä»[16/29]ÔÄ»[22m[39m
  
> [41m[1m FAIL [22m[49m src/vaultService.test.ts[2m > [22mVaultServic
e Security & Cryptography[2m > [22m9. Trash Y├Ânetimi: ├ç├Âp kutusuna ta┼
ş─▒ma ve geri y├╝kleme
> [31m[1mTypeError[22m: __vite_ssr_import_9__.VaultEntryService.normaliz
eCardDetails is not a function[39m
  [36m [2mÔØ»[22m normalizeCardDetails src/vaultService.ts:[2m266:62[2
2m[39m
      [90m264| [39m        buildMetadataAtRest: (title, username, website
, category, tagsÔÇĞ
      [90m265| [39m          this.buildMetadataAtRest(title, username, we
bsite, category,ÔÇĞ
      [90m266| [39m        normalizeCardDetails: (details) => VaultEntryS
ervice.normalizeÔÇĞ
      [90m   | [39m                                                      
       [31m^[39m
  [31m[2mÔÄ»ÔÄ»ÔÄ»ÔÄ»ÔÄ»ÔÄ»ÔÄ»ÔÄ»ÔÄ»ÔÄ»ÔÄ»ÔÄ»ÔÄ»ÔÄ»ÔÄ»ÔÄ»ÔÄ»ÔÄ»ÔÄ»ÔÄ»ÔÄ»Ô
Ä»[17/29]ÔÄ»[22m[39m
  
> [41m[1m FAIL [22m[49m src/vaultService.test.ts[2m > [22mVaultServic
e Security & Cryptography[2m > [22m10. Parola G├╝ncelleme: updatePassword
 ile kay─▒t verilerini de─şi┼ştirme
> [31m[1mTypeError[22m: __vite_ssr_import_9__.VaultEntryService.normaliz
eCardDetails is not a function[39m
  [36m [2mÔØ»[22m normalizeCardDetails src/vaultService.ts:[2m266:62[2
2m[39m
      [90m264| [39m        buildMetadataAtRest: (title, username, website
, category, tagsÔÇĞ
      [90m265| [39m          this.buildMetadataAtRest(title, username, we
bsite, category,ÔÇĞ
      [90m266| [39m        normalizeCardDetails: (details) => VaultEntryS
ervice.normalizeÔÇĞ
      [90m   | [39m                                                      
       [31m^[39m
  [31m[2mÔÄ»ÔÄ»ÔÄ»ÔÄ»ÔÄ»ÔÄ»ÔÄ»ÔÄ»ÔÄ»ÔÄ»ÔÄ»ÔÄ»ÔÄ»ÔÄ»ÔÄ»ÔÄ»ÔÄ»ÔÄ»ÔÄ»ÔÄ»ÔÄ»Ô
Ä»[18/29]ÔÄ»[22m[39m
  
> [41m[1m FAIL [22m[49m src/vaultService.test.ts[2m > [22mVaultServic
e Security & Cryptography[2m > [22m11. Attachment Y├Ânetimi: Silme ve de┼
şifreleme
> [31m[1mTypeError[22m: __vite_ssr_import_9__.VaultEntryService.normaliz
eCardDetails is not a function[39m
  [36m [2mÔØ»[22m normalizeCardDetails src/vaultService.ts:[2m266:62[2
2m[39m
      [90m264| [39m        buildMetadataAtRest: (title, username, website
, category, tagsÔÇĞ
      [90m265| [39m          this.buildMetadataAtRest(title, username, we
bsite, category,ÔÇĞ
      [90m266| [39m        normalizeCardDetails: (details) => VaultEntryS
ervice.normalizeÔÇĞ
      [90m   | [39m                                                      
       [31m^[39m
  [31m[2mÔÄ»ÔÄ»ÔÄ»ÔÄ»ÔÄ»ÔÄ»ÔÄ»ÔÄ»ÔÄ»ÔÄ»ÔÄ»ÔÄ»ÔÄ»ÔÄ»ÔÄ»ÔÄ»ÔÄ»ÔÄ»ÔÄ»ÔÄ»ÔÄ»Ô
Ä»[19/29]ÔÄ»[22m[39m
  
> [41m[1m FAIL [22m[49m src/vaultService.test.ts[2m > [22mVaultServic
e Security & Cryptography[2m > [22m12. Anahtar T├╝retimi (PBKDF2/Argon2id
 Logic Verification)
> [31m[1mAssertionError[22m: expected { ÔÇĞ(3) } to be type of 'string'
[39m
  
  Expected: [32m"string"[39m
  Received: [31m"object"[39m
  
  [36m [2mÔØ»[22m src/vaultService.test.ts:[2m606:18[22m[39m
  [31m[2mÔÄ»ÔÄ»ÔÄ»ÔÄ»ÔÄ»ÔÄ»ÔÄ»ÔÄ»ÔÄ»ÔÄ»ÔÄ»ÔÄ»ÔÄ»ÔÄ»ÔÄ»ÔÄ»ÔÄ»ÔÄ»ÔÄ»ÔÄ»ÔÄ»Ô
Ä»[20/29]ÔÄ»[22m[39m
  
> [41m[1m FAIL [22m[49m src/vaultService.test.ts[2m > [22mVaultServic
e Security & Cryptography[2m > [22m13. Kal─▒c─▒ Silme: Art─▒klar─▒yla bir
likte yok etme
> [31m[1mTypeError[22m: __vite_ssr_import_9__.VaultEntryService.normaliz
eCardDetails is not a function[39m
  [36m [2mÔØ»[22m normalizeCardDetails src/vaultService.ts:[2m266:62[2
2m[39m
      [90m264| [39m        buildMetadataAtRest: (title, username, website
, category, tagsÔÇĞ
      [90m265| [39m          this.buildMetadataAtRest(title, username, we
bsite, category,ÔÇĞ
      [90m266| [39m        normalizeCardDetails: (details) => VaultEntryS
ervice.normalizeÔÇĞ
      [90m   | [39m                                                      
       [31m^[39m
  [31m[2mÔÄ»ÔÄ»ÔÄ»ÔÄ»ÔÄ»ÔÄ»ÔÄ»ÔÄ»ÔÄ»ÔÄ»ÔÄ»ÔÄ»ÔÄ»ÔÄ»ÔÄ»ÔÄ»ÔÄ»ÔÄ»ÔÄ»ÔÄ»ÔÄ»Ô
Ä»[21/29]ÔÄ»[22m[39m
  
> [41m[1m FAIL [22m[49m src/vaultService.test.ts[2m > [22mVaultServic
e Security & Cryptography[2m > [22m14. ├ç├Âp├╝ Bo┼şaltma: T├╝m silinmi┼şl
eri temizle
> [31m[1mTypeError[22m: __vite_ssr_import_9__.VaultEntryService.normaliz
eCardDetails is not a function[39m
  [36m [2mÔØ»[22m normalizeCardDetails src/vaultService.ts:[2m266:62[2
2m[39m
      [90m264| [39m        buildMetadataAtRest: (title, username, website
, category, tagsÔÇĞ
      [90m265| [39m          this.buildMetadataAtRest(title, username, we
bsite, category,ÔÇĞ
      [90m266| [39m        normalizeCardDetails: (details) => VaultEntryS
ervice.normalizeÔÇĞ
      [90m   | [39m                                                      
       [31m^[39m
  [31m[2mÔÄ»ÔÄ»ÔÄ»ÔÄ»ÔÄ»ÔÄ»ÔÄ»ÔÄ»ÔÄ»ÔÄ»ÔÄ»ÔÄ»ÔÄ»ÔÄ»ÔÄ»ÔÄ»ÔÄ»ÔÄ»ÔÄ»ÔÄ»ÔÄ»Ô
Ä»[22/29]ÔÄ»[22m[39m
  
> [41m[1m FAIL [22m[49m src/vaultService.test.ts[2m > [22mVaultServic
e Security & Cryptography[2m > [22m15. Otomatik Temizlik: 30 g├╝n├╝ ge├ğm
i┼ş ├ğ├Âpleri silme
> [31m[1mTypeError[22m: __vite_ssr_import_9__.VaultEntryService.normaliz
eCardDetails is not a function[39m
  [36m [2mÔØ»[22m normalizeCardDetails src/vaultService.ts:[2m266:62[2
2m[39m
      [90m264| [39m        buildMetadataAtRest: (title, username, website
, category, tagsÔÇĞ
      [90m265| [39m          this.buildMetadataAtRest(title, username, we
bsite, category,ÔÇĞ
      [90m266| [39m        normalizeCardDetails: (details) => VaultEntryS
ervice.normalizeÔÇĞ
      [90m   | [39m                                                      
       [31m^[39m
  [31m[2mÔÄ»ÔÄ»ÔÄ»ÔÄ»ÔÄ»ÔÄ»ÔÄ»ÔÄ»ÔÄ»ÔÄ»ÔÄ»ÔÄ»ÔÄ»ÔÄ»ÔÄ»ÔÄ»ÔÄ»ÔÄ»ÔÄ»ÔÄ»ÔÄ»Ô
Ä»[23/29]ÔÄ»[22m[39m
  
> [41m[1m FAIL [22m[49m src/vaultService.test.ts[2m > [22mVaultServic
e Security & Cryptography[2m > [22m16. Fabrika Ayarlar─▒na S─▒f─▒rlama: w
ipeAllData ile her ┼şeyi temizleme
> [31m[1mTypeError[22m: __vite_ssr_import_9__.VaultEntryService.normaliz
eCardDetails is not a function[39m
  [36m [2mÔØ»[22m normalizeCardDetails src/vaultService.ts:[2m266:62[2
2m[39m
      [90m264| [39m        buildMetadataAtRest: (title, username, website
, category, tagsÔÇĞ
      [90m265| [39m          this.buildMetadataAtRest(title, username, we
bsite, category,ÔÇĞ
      [90m266| [39m        normalizeCardDetails: (details) => VaultEntryS
ervice.normalizeÔÇĞ
      [90m   | [39m                                                      
       [31m^[39m
  [31m[2mÔÄ»ÔÄ»ÔÄ»ÔÄ»ÔÄ»ÔÄ»ÔÄ»ÔÄ»ÔÄ»ÔÄ»ÔÄ»ÔÄ»ÔÄ»ÔÄ»ÔÄ»ÔÄ»ÔÄ»ÔÄ»ÔÄ»ÔÄ»ÔÄ»Ô
Ä»[24/29]ÔÄ»[22m[39m
  
> [41m[1m FAIL [22m[49m src/vaultService.test.ts[2m > [22mVaultServic
e Security & Cryptography[2m > [22m17. Arama Filtreleme: Token bazl─▒ ve 
Scope ├Âzelinde arama
> [31m[1mTypeError[22m: __vite_ssr_import_9__.VaultEntryService.normaliz
eCardDetails is not a function[39m
  [36m [2mÔØ»[22m normalizeCardDetails src/vaultService.ts:[2m266:62[2
2m[39m
      [90m264| [39m        buildMetadataAtRest: (title, username, website
, category, tagsÔÇĞ
      [90m265| [39m          this.buildMetadataAtRest(title, username, we
bsite, category,ÔÇĞ
      [90m266| [39m        normalizeCardDetails: (details) => VaultEntryS
ervice.normalizeÔÇĞ
      [90m   | [39m                                                      
       [31m^[39m
  [31m[2mÔÄ»ÔÄ»ÔÄ»ÔÄ»ÔÄ»ÔÄ»ÔÄ»ÔÄ»ÔÄ»ÔÄ»ÔÄ»ÔÄ»ÔÄ»ÔÄ»ÔÄ»ÔÄ»ÔÄ»ÔÄ»ÔÄ»ÔÄ»ÔÄ»Ô
Ä»[25/29]ÔÄ»[22m[39m
  
> [41m[1m FAIL [22m[49m src/vaultService.test.ts[2m > [22mVaultServic
e Security & Cryptography[2m > [22m18. Kategori ve Tag Filtreleme
> [31m[1mTypeError[22m: __vite_ssr_import_9__.VaultEntryService.normaliz
eCardDetails is not a function[39m
  [36m [2mÔØ»[22m normalizeCardDetails src/vaultService.ts:[2m266:62[2
2m[39m
      [90m264| [39m        buildMetadataAtRest: (title, username, website
, category, tagsÔÇĞ
      [90m265| [39m          this.buildMetadataAtRest(title, username, we
bsite, category,ÔÇĞ
      [90m266| [39m        normalizeCardDetails: (details) => VaultEntryS
ervice.normalizeÔÇĞ
      [90m   | [39m                                                      
       [31m^[39m
  [31m[2mÔÄ»ÔÄ»ÔÄ»ÔÄ»ÔÄ»ÔÄ»ÔÄ»ÔÄ»ÔÄ»ÔÄ»ÔÄ»ÔÄ»ÔÄ»ÔÄ»ÔÄ»ÔÄ»ÔÄ»ÔÄ»ÔÄ»ÔÄ»ÔÄ»Ô
Ä»[26/29]ÔÄ»[22m[39m
  
> [41m[1m FAIL [22m[49m src/vaultService.test.ts[2m > [22mVaultServic
e Security & Cryptography[2m > [22m19. TOTP ve Notes De┼şifreleme Do─şrul
amas─▒
> [31m[1mTypeError[22m: __vite_ssr_import_9__.VaultEntryService.normaliz
eCardDetails is not a function[39m
  [36m [2mÔØ»[22m normalizeCardDetails src/vaultService.ts:[2m266:62[2
2m[39m
      [90m264| [39m        buildMetadataAtRest: (title, username, website
, category, tagsÔÇĞ
      [90m265| [39m          this.buildMetadataAtRest(title, username, we
bsite, category,ÔÇĞ
      [90m266| [39m        normalizeCardDetails: (details) => VaultEntryS
ervice.normalizeÔÇĞ
      [90m   | [39m                                                      
       [31m^[39m
  [31m[2mÔÄ»ÔÄ»ÔÄ»ÔÄ»ÔÄ»ÔÄ»ÔÄ»ÔÄ»ÔÄ»ÔÄ»ÔÄ»ÔÄ»ÔÄ»ÔÄ»ÔÄ»ÔÄ»ÔÄ»ÔÄ»ÔÄ»ÔÄ»ÔÄ»Ô
Ä»[27/29]ÔÄ»[22m[39m
  
> [41m[1m FAIL [22m[49m src/vaultService.test.ts[2m > [22mVaultServic
e Security & Cryptography[2m > [22m20. Passkey Metadata De┼şifreleme Do─ş
rulamas─▒
> [31m[1mTypeError[22m: __vite_ssr_import_9__.VaultEntryService.normaliz
eCardDetails is not a function[39m
  [36m [2mÔØ»[22m normalizeCardDetails src/vaultService.ts:[2m266:62[2
2m[39m
      [90m264| [39m        buildMetadataAtRest: (title, username, website
, category, tagsÔÇĞ
      [90m265| [39m          this.buildMetadataAtRest(title, username, we
bsite, category,ÔÇĞ
      [90m266| [39m        normalizeCardDetails: (details) => VaultEntryS
ervice.normalizeÔÇĞ
      [90m   | [39m                                                      
       [31m^[39m
  [31m[2mÔÄ»ÔÄ»ÔÄ»ÔÄ»ÔÄ»ÔÄ»ÔÄ»ÔÄ»ÔÄ»ÔÄ»ÔÄ»ÔÄ»ÔÄ»ÔÄ»ÔÄ»ÔÄ»ÔÄ»ÔÄ»ÔÄ»ÔÄ»ÔÄ»Ô
Ä»[28/29]ÔÄ»[22m[39m
  
> [41m[1m FAIL [22m[49m src/lib/__tests__/VaultService_Migration.test.t
s[2m > [22mVaultService: IDB to SQLite Migration[2m > [22m2. Migrasyon 
Hatas─▒: SQLite devre d─▒┼ş─▒ kal─▒r ve IDB fallback ba┼şlar
> [31m[1mError[22m: ARGON2_INVALID_HEX_RESULT[39m
  [36m [2mÔØ»[22m Function.deriveHex src/lib/Argon2WorkerService.ts:[2m
96:13[22m[39m
      [90m 94| [39m    const result = await this.derive({ ...request, out
putType: 'hex' }ÔÇĞ
      [90m 95| [39m    [35mif[39m ([35mtypeof[39m result [33m!==[39
m [32m'string'[39m) {
>     [90m 96| [39m      [35mthrow[39m [35mnew[39m [33mError[39m([
32m'ARGON2_INVALID_HEX_RESULT'[39m)[33m;[39m
      [90m   | [39m            [31m^[39m
      [90m 97| [39m    }
      [90m 98| [39m    [35mreturn[39m result[33m;[39m
  
  [31m[2mÔÄ»ÔÄ»ÔÄ»ÔÄ»ÔÄ»ÔÄ»ÔÄ»ÔÄ»ÔÄ»ÔÄ»ÔÄ»ÔÄ»ÔÄ»ÔÄ»ÔÄ»ÔÄ»ÔÄ»ÔÄ»ÔÄ»ÔÄ»ÔÄ»Ô
Ä»[29/29]ÔÄ»[22m[39m
  
  
> [2m Test Files [22m [1m[31m4 failed[39m[22m[2m | [22m[1m[32m69 
passed[39m[22m[90m (73)[39m
> [2m      Tests [22m [1m[31m29 failed[39m[22m[2m | [22m[1m[32m58
4 passed[39m[22m[90m (613)[39m
  [2m   Start at [22m 14:28:05
  [2m   Duration [22m 37.71s[2m (transform 6.52s, setup 0ms, import 13.4
7s, tests 75.11s, environment 148.98s)[22m
  


